2
0x1.5p+1
0x1.34d9364d9364dp+4
0x1.9333333333333p+2
0x1.d99999999999ap+1
0x1.ec4ec4ec4ec4ep+1
0x1.ap+2
AABB
